fn simple_for() -> i32 {
bb_0:
%0: i32 = const 0
%1: i32 = const 0
jmp bb_1
bb_1:
%3: i32 = phi [ bb_0, %1 ], [ bb_3, %6 ]
%2: i32 = phi [ bb_0, %0 ], [ bb_3, %4 ]
%7: i32 = const 5
%8: i32 = lt %3 %7
condbr %8 bb_2 bb_4
bb_2:
%4: i32 = add %2 %3
jmp bb_3
bb_3:
%5: i32 = const 1
%6: i32 = add %3 %5
jmp bb_1
bb_4:
ret %2
}
fn multi_var() -> i32 {
bb_5:
%9: i32 = const 0
%10: i32 = const 1
%11: i32 = const 1
jmp bb_6
bb_6:
%15: i32 = phi [ bb_5, %10 ], [ bb_8, %17 ]
%13: i32 = phi [ bb_5, %11 ], [ bb_8, %19 ]
%12: i32 = phi [ bb_5, %9 ], [ bb_8, %14 ]
%20: i32 = const 4
%21: i32 = le %13 %20
condbr %21 bb_7 bb_9
bb_7:
%14: i32 = add %12 %13
%16: i32 = const 2
%17: i32 = mul %15 %16
jmp bb_8
bb_8:
%18: i32 = const 1
%19: i32 = add %13 %18
jmp bb_6
bb_9:
%22: i32 = add %12 %15
ret %22
}
fn for_continue() -> i32 {
bb_10:
%23: i32 = const 0
%24: i32 = const 0
jmp bb_11
bb_11:
%29: i32 = phi [ bb_10, %23 ], [ bb_13, %31 ]
%25: i32 = phi [ bb_10, %24 ], [ bb_13, %33 ]
%34: i32 = const 6
%35: i32 = lt %25 %34
condbr %35 bb_12 bb_14
bb_12:
%26: i32 = const 3
%27: i32 = eq %25 %26
condbr %27 bb_15 bb_16
bb_13:
%32: i32 = const 1
%33: i32 = add %25 %32
jmp bb_11
bb_14:
ret %29
bb_15:
jmp bb_13
bb_16:
%31: i32 = add %29 %25
jmp bb_13
}
fn for_break() -> i32 {
bb_17:
%36: i32 = const 0
%37: i32 = const 0
jmp bb_18
bb_18:
%42: i32 = phi [ bb_17, %36 ], [ bb_20, %44 ]
%38: i32 = phi [ bb_17, %37 ], [ bb_20, %46 ]
%47: i32 = const 10
%48: i32 = lt %38 %47
condbr %48 bb_19 bb_21
bb_19:
%39: i32 = const 7
%40: i32 = eq %38 %39
condbr %40 bb_22 bb_23
bb_20:
%45: i32 = const 1
%46: i32 = add %38 %45
jmp bb_18
bb_21:
ret %42
bb_22:
jmp bb_21
bb_23:
%44: i32 = add %42 %38
jmp bb_20
}
fn break_continue_for() -> i32 {
bb_24:
%49: i32 = const 0
%50: i32 = const 0
jmp bb_25
bb_25:
%59: i32 = phi [ bb_24, %49 ], [ bb_27, %61 ]
%51: i32 = phi [ bb_24, %50 ], [ bb_27, %63 ]
%64: i32 = const 10
%65: i32 = lt %51 %64
condbr %65 bb_26 bb_28
bb_26:
%52: i32 = const 2
%53: i32 = eq %51 %52
condbr %53 bb_29 bb_30
bb_27:
%62: i32 = const 1
%63: i32 = add %51 %62
jmp bb_25
bb_28:
ret %59
bb_29:
jmp bb_27
bb_30:
%55: i32 = const 8
%56: i32 = eq %51 %55
condbr %56 bb_31 bb_32
bb_31:
jmp bb_28
bb_32:
%61: i32 = add %59 %51
jmp bb_27
}
