fn basic_fold() -> i32 {
bb_0:
%2: i32 = const 13
ret %2
}
fn nested_fold() -> i32 {
bb_1:
%9: i32 = const 25
ret %9
}
fn cmp_fold() -> i32 {
bb_2:
%12: i32 = const 1
ret %12
}
fn eq_fold() -> i32 {
bb_3:
%15: i32 = const 1
ret %15
}
fn no_fold(%16: i32) -> i32 {
bb_4:
%17: i32 = const 5
%18: i32 = add %16 %17
ret %18
}
fn div_zero() -> i32 {
bb_5:
%19: i32 = const 0
%20: i32 = const 10
%21: i32 = div %20 %19
ret %21
}
fn more_fold() -> i32 {
bb_6:
%30: i32 = const 14
ret %30
}
