fn basic_fold() -> i32 {
bb_0:
%2: i32 = const 13
ret %2
}
fn nested_fold() -> i32 {
bb_1:
%9: i32 = const 25
ret %9
}
fn cmp_fold() -> i32 {
bb_2:
%12: i32 = const 1
ret %12
}
fn eq_fold() -> i32 {
bb_3:
%15: i32 = const 1
ret %15
}
fn no_fold(%16: i32) -> i32 {
bb_4:
%17: i32 = const 5
%18: i32 = add %16 %17
ret %18
}
fn div_zero() -> i32 {
bb_5:
%19: i32 = const 0
%20: i32 = const 10
%21: i32 = div %20 %19
ret %21
}
fn more_fold() -> i32 {
bb_6:
%30: i32 = const 14
ret %30
}
fn add_zero(%31: i32) -> i32 {
bb_7:
%36: i32 = add %31 %31
ret %36
}
fn sub_div(%37: i32) -> i32 {
bb_8:
%42: i32 = add %37 %37
ret %42
}
fn no_fold_again(%43: i32) -> i32 {
bb_9:
%44: i32 = const 0
%45: i32 = sub %44 %43
%46: i32 = const 1
%47: i32 = div %46 %43
%48: i32 = add %45 %47
ret %48
}
