fn wheelie() -> i32 {
bb_0:
%0: i32 = const 0
jmp bb_1
bb_1:
%1: i32 = phi [ bb_0, %0 ], [ bb_2, %5 ]
%2: i32 = const 10
%3: i32 = lt %1 %2
condbr %3 bb_2 bb_3
bb_2:
%4: i32 = const 1
%5: i32 = add %1 %4
jmp bb_1
bb_3:
ret %1
}
fn sum_while() -> i32 {
bb_4:
%6: i32 = const 0
%7: i32 = const 0
jmp bb_5
bb_5:
%11: i32 = phi [ bb_4, %7 ], [ bb_6, %12 ]
%8: i32 = phi [ bb_4, %6 ], [ bb_6, %14 ]
%9: i32 = const 4
%10: i32 = lt %8 %9
condbr %10 bb_6 bb_7
bb_6:
%12: i32 = add %11 %8
%13: i32 = const 1
%14: i32 = add %8 %13
jmp bb_5
bb_7:
ret %11
}
fn branch_in_loop() -> i32 {
bb_8:
%15: i32 = const 0
%16: i32 = const 0
jmp bb_9
bb_9:
%22: i32 = phi [ bb_8, %16 ], [ bb_14, %30 ]
%17: i32 = phi [ bb_8, %15 ], [ bb_14, %29 ]
%18: i32 = const 6
%19: i32 = lt %17 %18
condbr %19 bb_10 bb_11
bb_10:
%20: i32 = const 3
%21: i32 = lt %17 %20
condbr %21 bb_12 bb_13
bb_11:
ret %22
bb_12:
%23: i32 = const 1
%24: i32 = add %22 %23
jmp bb_14
bb_13:
%25: i32 = const 2
%26: i32 = add %22 %25
jmp bb_14
bb_14:
%30: i32 = phi [ bb_12, %24 ], [ bb_13, %26 ]
%28: i32 = const 1
%29: i32 = add %17 %28
jmp bb_9
}
fn loop_loop_loop() -> i32 {
bb_15:
%31: i32 = const 0
%32: i32 = const 0
%33: i32 = const 0
%34: i32 = const 0
jmp bb_16
bb_16:
%56: i32 = phi [ bb_15, %31 ], [ bb_21, %50 ]
%55: i32 = phi [ bb_15, %34 ], [ bb_21, %49 ]
%54: i32 = phi [ bb_15, %33 ], [ bb_21, %38 ]
%35: i32 = phi [ bb_15, %32 ], [ bb_21, %60 ]
%36: i32 = const 10
%37: i32 = lt %35 %36
condbr %37 bb_17 bb_18
bb_17:
jmp bb_19
bb_18:
ret %56
bb_19:
%50: i32 = phi [ bb_17, %56 ], [ bb_24, %44 ]
%49: i32 = phi [ bb_17, %55 ], [ bb_24, %41 ]
%38: i32 = phi [ bb_17, %54 ], [ bb_24, %53 ]
%39: i32 = const 10
%40: i32 = lt %38 %39
condbr %40 bb_20 bb_21
bb_20:
jmp bb_22
bb_21:
%59: i32 = const 1
%60: i32 = add %35 %59
jmp bb_16
bb_22:
%44: i32 = phi [ bb_20, %50 ], [ bb_23, %46 ]
%41: i32 = phi [ bb_20, %49 ], [ bb_23, %48 ]
%42: i32 = const 10
%43: i32 = lt %41 %42
condbr %43 bb_23 bb_24
bb_23:
%45: i32 = const 1
%46: i32 = add %44 %45
%47: i32 = const 1
%48: i32 = add %41 %47
jmp bb_22
bb_24:
%52: i32 = const 1
%53: i32 = add %38 %52
jmp bb_19
}
